player_id,xPts_gw,actual_pts_gw,delta_pts,reason_note
